[82785:0x102802400]       85 ms: Scavenge 3.5 (6.4) -> 3.2 (7.4) MB, 1.1 / 0.0 ms  allocation failure 
[82785:0x102802400]       93 ms: Scavenge 3.7 (7.9) -> 3.6 (8.9) MB, 0.8 / 0.0 ms  allocation failure 
[82785:0x102802400]      120 ms: Scavenge 4.6 (8.9) -> 4.6 (10.9) MB, 0.6 / 0.0 ms  allocation failure 
[82785:0x102802400]      122 ms: Scavenge 5.8 (10.9) -> 5.8 (11.9) MB, 1.2 / 0.0 ms  allocation failure 
[82785:0x102802400]      124 ms: Scavenge 6.5 (11.9) -> 6.5 (16.9) MB, 1.4 / 0.0 ms  allocation failure 
[82785:0x102802400]      127 ms: Scavenge 9.7 (16.9) -> 9.7 (17.9) MB, 2.1 / 0.0 ms  allocation failure 
[82785:0x102802400]      131 ms: Scavenge 10.4 (17.9) -> 10.2 (28.9) MB, 3.2 / 0.0 ms  allocation failure 
[82785:0x102802400]      146 ms: Scavenge 17.4 (28.9) -> 17.5 (29.4) MB, 4.3 / 0.0 ms  allocation failure 
[82785:0x102802400]      153 ms: Scavenge 18.0 (29.4) -> 17.7 (52.4) MB, 6.6 / 0.0 ms  allocation failure 
[82785:0x102802400]      166 ms: Scavenge 32.9 (52.4) -> 33.3 (52.9) MB, 7.9 / 0.0 ms  allocation failure 
[82785:0x102802400]      179 ms: Scavenge 33.4 (52.9) -> 32.7 (68.4) MB, 12.6 / 0.0 ms  allocation failure 
[82785:0x102802400]      186 ms: Scavenge 48.9 (68.9) -> 49.7 (69.4) MB, 4.8 / 0.0 ms  allocation failure 
[82785:0x102802400]      199 ms: Scavenge 49.7 (69.4) -> 49.0 (84.9) MB, 13.7 / 0.0 ms  allocation failure 
[82785:0x102802400]      205 ms: Scavenge 64.7 (84.9) -> 65.4 (85.4) MB, 4.4 / 0.0 ms  allocation failure 
[82785:0x102802400]      218 ms: Scavenge 65.4 (85.4) -> 64.7 (100.9) MB, 12.6 / 0.0 ms  allocation failure 
[82785:0x102802400]      225 ms: Scavenge 81.3 (101.8) -> 82.0 (102.3) MB, 5.0 / 0.0 ms  allocation failure 
[82785:0x102802400]      238 ms: Scavenge 82.0 (102.3) -> 81.3 (117.8) MB, 12.9 / 0.0 ms  allocation failure 
[82785:0x102802400]      244 ms: Scavenge 97.0 (117.8) -> 97.7 (118.3) MB, 4.4 / 0.0 ms  allocation failure 
[82785:0x102802400]      257 ms: Scavenge 97.8 (118.3) -> 97.0 (133.8) MB, 13.1 / 0.0 ms  allocation failure 
[82785:0x102802400]      265 ms: Scavenge 114.1 (135.1) -> 114.8 (135.6) MB, 5.0 / 0.0 ms  allocation failure 
[82785:0x102802400]      278 ms: Scavenge 114.8 (135.6) -> 114.1 (151.1) MB, 13.0 / 0.0 ms  allocation failure 
[82785:0x102802400]      284 ms: Scavenge 129.8 (151.1) -> 130.5 (151.6) MB, 4.7 / 0.0 ms  allocation failure 
[82785:0x102802400]      298 ms: Scavenge 130.5 (151.6) -> 129.8 (167.1) MB, 13.7 / 0.0 ms  allocation failure 
[82785:0x102802400]      305 ms: Scavenge 145.5 (167.1) -> 146.2 (167.6) MB, 5.3 / 0.0 ms  allocation failure 
[82785:0x102802400]      319 ms: Scavenge 146.3 (167.6) -> 145.5 (183.1) MB, 13.3 / 0.0 ms  allocation failure 
[82785:0x102802400]      350 ms: Scavenge 163.2 (185.1) -> 163.9 (185.6) MB, 4.9 / 0.0 ms  allocation failure 
[82785:0x102802400]      363 ms: Scavenge 164.0 (185.6) -> 163.2 (201.1) MB, 13.4 / 0.0 ms  allocation failure 
[82785:0x102802400]      408 ms: Scavenge 179.0 (201.1) -> 179.7 (201.6) MB, 5.5 / 0.0 ms  allocation failure 
[82785:0x102802400]      422 ms: Scavenge 179.7 (201.6) -> 179.0 (217.1) MB, 13.6 / 0.0 ms  allocation failure 
[82785:0x102802400]      445 ms: Mark-sweep 182.6 (217.1) -> 180.4 (215.6) MB, 5.0 / 0.0 ms  (+ 77.9 ms in 558 steps since start of marking, biggest step 4.8 ms, walltime since start of marking 147 ms) finalize incremental marking via stack guard GC in old space requested
[82785:0x102802400]      458 ms: Scavenge 192.5 (215.6) -> 193.0 (218.6) MB, 10.5 / 0.0 ms  allocation failure 
[82785:0x102802400]      470 ms: Scavenge 196.1 (218.6) -> 195.7 (231.1) MB, 11.1 / 0.0 ms  allocation failure 
[82785:0x102802400]      477 ms: Scavenge 208.2 (231.1) -> 208.7 (234.6) MB, 6.4 / 0.0 ms  allocation failure 
[82785:0x102802400]      490 ms: Scavenge 211.3 (234.6) -> 210.8 (247.6) MB, 12.1 / 0.0 ms  allocation failure 
[82785:0x102802400]      500 ms: Scavenge 226.7 (250.6) -> 227.2 (253.6) MB, 6.1 / 0.0 ms  allocation failure 
[82785:0x102802400]      512 ms: Scavenge 229.3 (253.6) -> 228.8 (267.1) MB, 12.2 / 0.0 ms  allocation failure 
[82785:0x102802400]      519 ms: Scavenge 242.4 (267.1) -> 242.9 (269.6) MB, 5.9 / 0.0 ms  allocation failure 
[82785:0x102802400]      532 ms: Scavenge 244.4 (269.6) -> 243.9 (283.6) MB, 12.0 / 0.0 ms  allocation failure 
[82785:0x102802400]      538 ms: Scavenge 258.0 (283.6) -> 258.6 (285.6) MB, 5.0 / 0.0 ms  allocation failure 
[82785:0x102802400]      550 ms: Scavenge 259.5 (285.6) -> 258.9 (300.1) MB, 12.3 / 0.0 ms  allocation failure 
[82785:0x102802400]      557 ms: Scavenge 273.7 (300.1) -> 274.4 (301.1) MB, 5.0 / 0.0 ms  allocation failure 
[82785:0x102802400]      570 ms: Scavenge 274.6 (301.1) -> 273.8 (316.6) MB, 13.3 / 0.0 ms  allocation failure 
[82785:0x102802400]      576 ms: Scavenge 289.4 (316.6) -> 290.1 (317.6) MB, 4.7 / 0.0 ms  allocation failure 
[82785:0x102802400]      590 ms: Scavenge 290.1 (317.6) -> 289.4 (333.1) MB, 13.1 / 0.0 ms  allocation failure 
[82785:0x102802400]      596 ms: Scavenge 305.1 (333.1) -> 305.8 (334.1) MB, 5.0 / 0.0 ms  allocation failure 
[82785:0x102802400]      609 ms: Scavenge 305.8 (334.1) -> 305.1 (349.6) MB, 13.2 / 0.0 ms  allocation failure 
[82785:0x102802400]      615 ms: Scavenge 320.8 (349.6) -> 321.6 (350.6) MB, 4.4 / 0.0 ms  allocation failure 
[82785:0x102802400]      628 ms: Scavenge 321.6 (350.6) -> 320.9 (366.1) MB, 12.9 / 0.0 ms  allocation failure 
[82785:0x102802400]      638 ms: Scavenge 341.0 (370.5) -> 341.7 (371.5) MB, 5.3 / 0.0 ms  allocation failure 
[82785:0x102802400]      652 ms: Scavenge 341.7 (371.5) -> 341.0 (387.0) MB, 14.0 / 0.0 ms  allocation failure 
[82785:0x102802400]      712 ms: Scavenge 356.7 (387.0) -> 357.5 (387.0) MB, 5.4 / 0.0 ms  allocation failure 
[82785:0x102802400]      726 ms: Scavenge 357.5 (387.0) -> 356.8 (400.0) MB, 14.3 / 0.0 ms  allocation failure 
[82785:0x102802400]      833 ms: Mark-sweep 368.2 (400.0) -> 362.0 (392.3) MB, 3.8 / 0.0 ms  (+ 153.2 ms in 432 steps since start of marking, biggest step 5.3 ms, walltime since start of marking 204 ms) finalize incremental marking via stack guard GC in old space requested
[82785:0x102802400]      854 ms: Scavenge 366.3 (392.3) -> 366.5 (403.8) MB, 20.5 / 0.0 ms  allocation failure 
[82785:0x102802400]      865 ms: Scavenge 377.7 (403.8) -> 378.1 (408.3) MB, 6.9 / 0.0 ms  allocation failure 
[82785:0x102802400]      877 ms: Scavenge 382.0 (408.3) -> 381.6 (419.8) MB, 11.4 / 0.0 ms  allocation failure 
[82785:0x102802400]      885 ms: Scavenge 393.3 (419.8) -> 393.6 (423.8) MB, 6.4 / 0.0 ms  allocation failure 
[82785:0x102802400]      896 ms: Scavenge 397.2 (423.8) -> 396.8 (435.8) MB, 11.3 / 0.0 ms  allocation failure 
[82785:0x102802400]      905 ms: Scavenge 408.8 (435.8) -> 409.2 (439.8) MB, 6.9 / 0.0 ms  allocation failure 
[82785:0x102802400]      917 ms: Scavenge 412.3 (439.8) -> 411.9 (452.3) MB, 11.9 / 0.0 ms  allocation failure 
[82785:0x102802400]      924 ms: Scavenge 424.4 (452.3) -> 424.9 (455.8) MB, 6.1 / 0.0 ms  allocation failure 
[82785:0x102802400]      937 ms: Scavenge 427.5 (455.8) -> 427.0 (468.8) MB, 12.1 / 0.0 ms  allocation failure 
[82785:0x102802400]      944 ms: Scavenge 440.0 (468.8) -> 440.5 (471.8) MB, 6.0 / 0.0 ms  allocation failure 
[82785:0x102802400]      956 ms: Scavenge 442.6 (471.8) -> 442.1 (485.3) MB, 12.0 / 0.0 ms  allocation failure 
[82785:0x102802400]      963 ms: Scavenge 455.6 (485.3) -> 456.2 (487.8) MB, 5.4 / 0.0 ms  allocation failure 
[82785:0x102802400]      975 ms: Scavenge 457.7 (487.8) -> 457.2 (501.8) MB, 12.3 / 0.0 ms  allocation failure 
[82785:0x102802400]      982 ms: Scavenge 471.2 (501.8) -> 471.9 (503.8) MB, 5.1 / 0.0 ms  allocation failure 
[82785:0x102802400]      995 ms: Scavenge 472.8 (503.8) -> 472.2 (518.3) MB, 13.1 / 0.0 ms  allocation failure 
[82785:0x102802400]     1007 ms: Scavenge 493.5 (524.9) -> 494.2 (525.9) MB, 5.1 / 0.0 ms  allocation failure 
[82785:0x102802400]     1023 ms: Scavenge 494.5 (525.9) -> 493.8 (541.4) MB, 16.2 / 0.0 ms  allocation failure 
[82785:0x102802400]     1034 ms: Scavenge 509.2 (541.4) -> 509.9 (542.4) MB, 7.4 / 0.0 ms  allocation failure 
[82785:0x102802400]     1052 ms: Scavenge 510.0 (542.4) -> 509.2 (557.9) MB, 18.2 / 0.0 ms  allocation failure 
[82785:0x102802400]     1058 ms: Scavenge 525.0 (557.9) -> 525.7 (558.9) MB, 4.8 / 0.0 ms  allocation failure 
[82785:0x102802400]     1072 ms: Scavenge 525.7 (558.9) -> 525.0 (574.4) MB, 13.3 / 0.0 ms  allocation failure 
[82785:0x102802400]     1078 ms: Scavenge 540.7 (574.4) -> 541.4 (575.4) MB, 5.1 / 0.0 ms  allocation failure 
[82785:0x102802400]     1095 ms: Scavenge 541.4 (575.4) -> 540.7 (590.9) MB, 16.1 / 0.0 ms  allocation failure 
[82785:0x102802400]     1103 ms: Scavenge 556.4 (590.9) -> 557.1 (591.9) MB, 5.9 / 0.0 ms  allocation failure 
[82785:0x102802400]     1121 ms: Scavenge 557.2 (591.9) -> 556.5 (607.4) MB, 17.3 / 0.0 ms  allocation failure 
[82785:0x102802400]     1128 ms: Scavenge 572.2 (607.4) -> 572.9 (608.4) MB, 4.9 / 0.0 ms  allocation failure 
[82785:0x102802400]     1147 ms: Scavenge 572.9 (608.4) -> 572.2 (623.9) MB, 19.3 / 0.0 ms  allocation failure 
[82785:0x102802400]     1156 ms: Scavenge 587.9 (623.9) -> 588.6 (624.9) MB, 6.2 / 0.0 ms  allocation failure 
[82785:0x102802400]     1173 ms: Scavenge 588.6 (624.9) -> 587.9 (640.4) MB, 17.5 / 0.0 ms  allocation failure 
[82785:0x102802400]     1180 ms: Scavenge 603.6 (640.4) -> 604.4 (641.4) MB, 4.9 / 0.0 ms  allocation failure 
[82785:0x102802400]     1198 ms: Scavenge 604.4 (641.4) -> 603.7 (656.9) MB, 18.7 / 0.0 ms  allocation failure 
[82785:0x102802400]     1206 ms: Scavenge 619.4 (656.9) -> 620.1 (657.9) MB, 5.3 / 0.0 ms  allocation failure 
[82785:0x102802400]     1226 ms: Scavenge 620.1 (657.9) -> 619.4 (673.4) MB, 20.8 / 0.0 ms  allocation failure 
[82785:0x102802400]     1235 ms: Scavenge 635.1 (673.4) -> 635.8 (674.4) MB, 5.8 / 0.0 ms  allocation failure 
[82785:0x102802400]     1251 ms: Scavenge 635.8 (674.4) -> 635.1 (689.9) MB, 16.7 / 0.0 ms  allocation failure 
[82785:0x102802400]     1259 ms: Scavenge 650.8 (689.9) -> 651.6 (690.9) MB, 6.2 / 0.0 ms  allocation failure 
[82785:0x102802400]     1279 ms: Scavenge 651.6 (690.9) -> 650.9 (706.4) MB, 19.2 / 0.0 ms  allocation failure 
[82785:0x102802400]     1503 ms: Scavenge 666.6 (706.4) -> 667.3 (706.4) MB, 6.0 / 0.0 ms  allocation failure 
[82785:0x102802400]     1519 ms: Scavenge 667.3 (706.4) -> 666.6 (716.9) MB, 16.4 / 0.0 ms  allocation failure 
[82785:0x102802400]     1624 ms: Mark-sweep 669.2 (716.9) -> 664.8 (709.5) MB, 4.9 / 0.0 ms  (+ 315.0 ms in 291 steps since start of marking, biggest step 6.3 ms, walltime since start of marking 372 ms) finalize incremental marking via stack guard GC in old space requested
[82785:0x102802400]     1642 ms: Scavenge 677.9 (709.5) -> 678.5 (712.5) MB, 16.4 / 0.0 ms  allocation failure 
[82785:0x102802400]     1665 ms: Scavenge 680.5 (712.5) -> 679.9 (726.0) MB, 22.0 / 0.0 ms  allocation failure 
[82785:0x102802400]     1672 ms: Scavenge 693.6 (726.0) -> 694.2 (728.0) MB, 5.7 / 0.0 ms  allocation failure 
[82785:0x102802400]     1688 ms: Scavenge 695.6 (728.0) -> 695.0 (742.0) MB, 15.6 / 0.0 ms  allocation failure 
[82785:0x102802400]     1695 ms: Scavenge 709.3 (742.0) -> 709.9 (743.5) MB, 5.3 / 0.0 ms  allocation failure 
[82785:0x102802400]     1712 ms: Scavenge 710.6 (743.5) -> 710.0 (758.5) MB, 16.9 / 0.0 ms  allocation failure 
[82785:0x102802400]     1728 ms: Scavenge 734.9 (768.5) -> 735.6 (769.5) MB, 5.5 / 0.0 ms  allocation failure 
[82785:0x102802400]     1743 ms: Scavenge 735.6 (769.5) -> 734.9 (785.0) MB, 14.8 / 0.0 ms  allocation failure 
[82785:0x102802400]     1749 ms: Scavenge 750.6 (785.0) -> 751.3 (786.0) MB, 4.9 / 0.0 ms  allocation failure 
[82785:0x102802400]     1765 ms: Scavenge 751.4 (786.0) -> 750.6 (801.5) MB, 15.3 / 0.0 ms  allocation failure 
[82785:0x102802400]     1771 ms: Scavenge 766.4 (801.5) -> 767.1 (802.5) MB, 5.0 / 0.0 ms  allocation failure 
[82785:0x102802400]     1788 ms: Scavenge 767.1 (802.5) -> 766.4 (818.0) MB, 16.7 / 0.0 ms  allocation failure 
[82785:0x102802400]     1795 ms: Scavenge 782.1 (818.0) -> 782.8 (819.0) MB, 5.5 / 0.0 ms  allocation failure 
[82785:0x102802400]     1824 ms: Scavenge 782.8 (819.0) -> 782.1 (834.5) MB, 28.9 / 0.0 ms  allocation failure 
[82785:0x102802400]     1832 ms: Scavenge 797.8 (834.5) -> 798.5 (835.5) MB, 5.6 / 0.0 ms  allocation failure 
[82785:0x102802400]     1861 ms: Scavenge 798.6 (835.5) -> 797.8 (851.0) MB, 28.7 / 0.0 ms  allocation failure 
[82785:0x102802400]     1868 ms: Scavenge 813.6 (851.0) -> 814.3 (852.0) MB, 5.2 / 0.0 ms  allocation failure 
[82785:0x102802400]     1895 ms: Scavenge 814.3 (852.0) -> 813.6 (867.5) MB, 27.0 / 0.0 ms  allocation failure 
